<?xml version="1.0" encoding="UTF-8"?>
<document>
 <LimeSurveyDocType>Tokens</LimeSurveyDocType>
 <DBVersion>443</DBVersion>
 <languages>
  <language>en</language>
 </languages>
 <tokens>
  <fields>
   <fieldname>usesleft</fieldname>
   <fieldname>completed</fieldname>
   <fieldname>emailstatus</fieldname>
   <fieldname>tid</fieldname>
   <fieldname>participant_id</fieldname>
   <fieldname>firstname</fieldname>
   <fieldname>lastname</fieldname>
   <fieldname>email</fieldname>
   <fieldname>token</fieldname>
   <fieldname>language</fieldname>
   <fieldname>blacklisted</fieldname>
   <fieldname>sent</fieldname>
   <fieldname>remindersent</fieldname>
   <fieldname>remindercount</fieldname>
   <fieldname>validfrom</fieldname>
   <fieldname>validuntil</fieldname>
   <fieldname>mpid</fieldname>
  </fields>
  <rows>
   <row>
    <usesleft><![CDATA[1]]></usesleft>
    <completed><![CDATA[N]]></completed>
    <emailstatus><![CDATA[OK]]></emailstatus>
    <tid><![CDATA[1]]></tid>
    <firstname><![CDATA[An]]></firstname>
    <lastname><![CDATA[To]]></lastname>
    <email/>
    <token><![CDATA[GBttYj1faRzTJAS]]></token>
    <language><![CDATA[en]]></language>
    <sent><![CDATA[N]]></sent>
    <remindersent><![CDATA[N]]></remindersent>
    <remindercount><![CDATA[0]]></remindercount>
    <validfrom><![CDATA[2021-05-04 11:21:00]]></validfrom>
    <validuntil><![CDATA[2021-09-23 11:19:00]]></validuntil>
   </row>
   <row>
    <usesleft><![CDATA[0]]></usesleft>
    <completed><![CDATA[2021-05-26 09:22]]></completed>
    <emailstatus><![CDATA[OK]]></emailstatus>
    <tid><![CDATA[2]]></tid>
    <firstname><![CDATA[An]]></firstname>
    <lastname><![CDATA[To]]></lastname>
    <email/>
    <token><![CDATA[piuVlu7aEvWwk59]]></token>
    <language><![CDATA[en]]></language>
    <sent><![CDATA[N]]></sent>
    <remindersent><![CDATA[N]]></remindersent>
    <remindercount><![CDATA[0]]></remindercount>
    <validfrom><![CDATA[2021-05-12 11:22:00]]></validfrom>
    <validuntil><![CDATA[2021-09-23 11:19:00]]></validuntil>
   </row>
   <row>
    <usesleft><![CDATA[1]]></usesleft>
    <completed><![CDATA[N]]></completed>
    <emailstatus><![CDATA[OK]]></emailstatus>
    <tid><![CDATA[3]]></tid>
    <firstname><![CDATA[An]]></firstname>
    <lastname><![CDATA[To]]></lastname>
    <email/>
    <token><![CDATA[QwzYBGNXdtWzbo8]]></token>
    <language><![CDATA[en]]></language>
    <sent><![CDATA[N]]></sent>
    <remindersent><![CDATA[N]]></remindersent>
    <remindercount><![CDATA[0]]></remindercount>
    <validfrom><![CDATA[2021-04-28 11:19:00]]></validfrom>
    <validuntil><![CDATA[2021-09-23 11:19:00]]></validuntil>
   </row>
   <row>
    <usesleft><![CDATA[0]]></usesleft>
    <completed><![CDATA[2021-05-26 09:24]]></completed>
    <emailstatus><![CDATA[OK]]></emailstatus>
    <tid><![CDATA[4]]></tid>
    <firstname><![CDATA[An]]></firstname>
    <lastname><![CDATA[To]]></lastname>
    <email/>
    <token><![CDATA[7Kw5NIDajeR5P8I]]></token>
    <language><![CDATA[en]]></language>
    <sent><![CDATA[N]]></sent>
    <remindersent><![CDATA[N]]></remindersent>
    <remindercount><![CDATA[0]]></remindercount>
    <validfrom><![CDATA[2021-01-12 11:23:00]]></validfrom>
    <validuntil><![CDATA[2021-09-23 11:19:00]]></validuntil>
   </row>
   <row>
    <usesleft><![CDATA[2]]></usesleft>
    <completed><![CDATA[N]]></completed>
    <emailstatus><![CDATA[OK]]></emailstatus>
    <tid><![CDATA[5]]></tid>
    <firstname><![CDATA[An]]></firstname>
    <lastname><![CDATA[To]]></lastname>
    <email/>
    <token><![CDATA[ainlaJwUpuE5bjz]]></token>
    <language><![CDATA[en]]></language>
    <sent><![CDATA[N]]></sent>
    <remindersent><![CDATA[N]]></remindersent>
    <remindercount><![CDATA[0]]></remindercount>
    <validfrom><![CDATA[2021-05-26 11:19:00]]></validfrom>
    <validuntil><![CDATA[2021-09-23 11:19:00]]></validuntil>
   </row>
   <row>
    <usesleft><![CDATA[2]]></usesleft>
    <completed><![CDATA[N]]></completed>
    <emailstatus><![CDATA[OK]]></emailstatus>
    <tid><![CDATA[6]]></tid>
    <firstname><![CDATA[An]]></firstname>
    <lastname><![CDATA[To]]></lastname>
    <email/>
    <token><![CDATA[gf4kz0QHW2zAAh0]]></token>
    <language><![CDATA[en]]></language>
    <sent><![CDATA[N]]></sent>
    <remindersent><![CDATA[N]]></remindersent>
    <remindercount><![CDATA[0]]></remindercount>
    <validfrom><![CDATA[2021-05-26 11:19:00]]></validfrom>
    <validuntil><![CDATA[2021-09-23 11:19:00]]></validuntil>
   </row>
   <row>
    <usesleft><![CDATA[2]]></usesleft>
    <completed><![CDATA[N]]></completed>
    <emailstatus><![CDATA[OK]]></emailstatus>
    <tid><![CDATA[7]]></tid>
    <firstname><![CDATA[An]]></firstname>
    <lastname><![CDATA[To]]></lastname>
    <email/>
    <token><![CDATA[MDleahBcor0oaKw]]></token>
    <language><![CDATA[en]]></language>
    <sent><![CDATA[N]]></sent>
    <remindersent><![CDATA[N]]></remindersent>
    <remindercount><![CDATA[0]]></remindercount>
    <validfrom><![CDATA[2021-05-26 11:19:00]]></validfrom>
    <validuntil><![CDATA[2021-09-23 11:19:00]]></validuntil>
   </row>
   <row>
    <usesleft><![CDATA[2]]></usesleft>
    <completed><![CDATA[N]]></completed>
    <emailstatus><![CDATA[OK]]></emailstatus>
    <tid><![CDATA[8]]></tid>
    <firstname><![CDATA[An]]></firstname>
    <lastname><![CDATA[To]]></lastname>
    <email/>
    <token><![CDATA[PZySkD4258XWsdj]]></token>
    <language><![CDATA[en]]></language>
    <sent><![CDATA[N]]></sent>
    <remindersent><![CDATA[N]]></remindersent>
    <remindercount><![CDATA[0]]></remindercount>
    <validfrom><![CDATA[2021-05-26 11:19:00]]></validfrom>
    <validuntil><![CDATA[2021-09-23 11:19:00]]></validuntil>
   </row>
   <row>
    <usesleft><![CDATA[2]]></usesleft>
    <completed><![CDATA[N]]></completed>
    <emailstatus><![CDATA[OK]]></emailstatus>
    <tid><![CDATA[9]]></tid>
    <firstname><![CDATA[An]]></firstname>
    <lastname><![CDATA[To]]></lastname>
    <email/>
    <token><![CDATA[AowsqU3lZCN3Qfz]]></token>
    <language><![CDATA[en]]></language>
    <sent><![CDATA[N]]></sent>
    <remindersent><![CDATA[N]]></remindersent>
    <remindercount><![CDATA[0]]></remindercount>
    <validfrom><![CDATA[2021-05-26 11:19:00]]></validfrom>
    <validuntil><![CDATA[2021-09-23 11:19:00]]></validuntil>
   </row>
   <row>
    <usesleft><![CDATA[2]]></usesleft>
    <completed><![CDATA[N]]></completed>
    <emailstatus><![CDATA[OK]]></emailstatus>
    <tid><![CDATA[10]]></tid>
    <firstname><![CDATA[An]]></firstname>
    <lastname><![CDATA[To]]></lastname>
    <email/>
    <token><![CDATA[qxxaJ6HQYApoDFa]]></token>
    <language><![CDATA[en]]></language>
    <sent><![CDATA[N]]></sent>
    <remindersent><![CDATA[N]]></remindersent>
    <remindercount><![CDATA[0]]></remindercount>
    <validfrom><![CDATA[2021-05-26 11:19:00]]></validfrom>
    <validuntil><![CDATA[2021-09-23 11:19:00]]></validuntil>
   </row>
   <row>
    <usesleft><![CDATA[2]]></usesleft>
    <completed><![CDATA[N]]></completed>
    <emailstatus><![CDATA[OK]]></emailstatus>
    <tid><![CDATA[11]]></tid>
    <firstname><![CDATA[An]]></firstname>
    <lastname><![CDATA[To]]></lastname>
    <email/>
    <token><![CDATA[iiFDhHGytAnMWqh]]></token>
    <language><![CDATA[en]]></language>
    <sent><![CDATA[N]]></sent>
    <remindersent><![CDATA[N]]></remindersent>
    <remindercount><![CDATA[0]]></remindercount>
    <validfrom><![CDATA[2021-05-26 11:19:00]]></validfrom>
    <validuntil><![CDATA[2021-09-23 11:19:00]]></validuntil>
   </row>
   <row>
    <usesleft><![CDATA[2]]></usesleft>
    <completed><![CDATA[N]]></completed>
    <emailstatus><![CDATA[OK]]></emailstatus>
    <tid><![CDATA[12]]></tid>
    <firstname><![CDATA[An]]></firstname>
    <lastname><![CDATA[To]]></lastname>
    <email/>
    <token><![CDATA[SaBaYGl4uVdSJrI]]></token>
    <language><![CDATA[en]]></language>
    <sent><![CDATA[N]]></sent>
    <remindersent><![CDATA[N]]></remindersent>
    <remindercount><![CDATA[0]]></remindercount>
    <validfrom><![CDATA[2021-05-26 11:19:00]]></validfrom>
    <validuntil><![CDATA[2021-09-23 11:19:00]]></validuntil>
   </row>
   <row>
    <usesleft><![CDATA[2]]></usesleft>
    <completed><![CDATA[N]]></completed>
    <emailstatus><![CDATA[OK]]></emailstatus>
    <tid><![CDATA[13]]></tid>
    <firstname><![CDATA[An]]></firstname>
    <lastname><![CDATA[To]]></lastname>
    <email/>
    <token><![CDATA[rQ4gyFmDu6sJriy]]></token>
    <language><![CDATA[en]]></language>
    <sent><![CDATA[N]]></sent>
    <remindersent><![CDATA[N]]></remindersent>
    <remindercount><![CDATA[0]]></remindercount>
    <validfrom><![CDATA[2021-05-26 11:19:00]]></validfrom>
    <validuntil><![CDATA[2021-09-23 11:19:00]]></validuntil>
   </row>
   <row>
    <usesleft><![CDATA[2]]></usesleft>
    <completed><![CDATA[N]]></completed>
    <emailstatus><![CDATA[OK]]></emailstatus>
    <tid><![CDATA[14]]></tid>
    <firstname><![CDATA[An]]></firstname>
    <lastname><![CDATA[To]]></lastname>
    <email/>
    <token><![CDATA[zazb8dGvEsia3sT]]></token>
    <language><![CDATA[en]]></language>
    <sent><![CDATA[N]]></sent>
    <remindersent><![CDATA[N]]></remindersent>
    <remindercount><![CDATA[0]]></remindercount>
    <validfrom><![CDATA[2021-05-26 11:19:00]]></validfrom>
    <validuntil><![CDATA[2021-09-23 11:19:00]]></validuntil>
   </row>
   <row>
    <usesleft><![CDATA[2]]></usesleft>
    <completed><![CDATA[N]]></completed>
    <emailstatus><![CDATA[OK]]></emailstatus>
    <tid><![CDATA[15]]></tid>
    <firstname><![CDATA[An]]></firstname>
    <lastname><![CDATA[To]]></lastname>
    <email/>
    <token><![CDATA[JUsBt9Jasg4HAI3]]></token>
    <language><![CDATA[en]]></language>
    <sent><![CDATA[N]]></sent>
    <remindersent><![CDATA[N]]></remindersent>
    <remindercount><![CDATA[0]]></remindercount>
    <validfrom><![CDATA[2021-05-26 11:19:00]]></validfrom>
    <validuntil><![CDATA[2021-09-23 11:19:00]]></validuntil>
   </row>
   <row>
    <usesleft><![CDATA[2]]></usesleft>
    <completed><![CDATA[N]]></completed>
    <emailstatus><![CDATA[OK]]></emailstatus>
    <tid><![CDATA[16]]></tid>
    <firstname><![CDATA[An]]></firstname>
    <lastname><![CDATA[To]]></lastname>
    <email/>
    <token><![CDATA[xOPuYbduQPnad3F]]></token>
    <language><![CDATA[en]]></language>
    <sent><![CDATA[N]]></sent>
    <remindersent><![CDATA[N]]></remindersent>
    <remindercount><![CDATA[0]]></remindercount>
    <validfrom><![CDATA[2021-05-26 11:19:00]]></validfrom>
    <validuntil><![CDATA[2021-09-23 11:19:00]]></validuntil>
   </row>
   <row>
    <usesleft><![CDATA[2]]></usesleft>
    <completed><![CDATA[N]]></completed>
    <emailstatus><![CDATA[OK]]></emailstatus>
    <tid><![CDATA[17]]></tid>
    <firstname><![CDATA[An]]></firstname>
    <lastname><![CDATA[To]]></lastname>
    <email/>
    <token><![CDATA[hsS6LA5vfStT8M3]]></token>
    <language><![CDATA[en]]></language>
    <sent><![CDATA[N]]></sent>
    <remindersent><![CDATA[N]]></remindersent>
    <remindercount><![CDATA[0]]></remindercount>
    <validfrom><![CDATA[2021-05-26 11:19:00]]></validfrom>
    <validuntil><![CDATA[2021-09-23 11:19:00]]></validuntil>
   </row>
   <row>
    <usesleft><![CDATA[2]]></usesleft>
    <completed><![CDATA[N]]></completed>
    <emailstatus><![CDATA[OK]]></emailstatus>
    <tid><![CDATA[18]]></tid>
    <firstname><![CDATA[An]]></firstname>
    <lastname><![CDATA[To]]></lastname>
    <email/>
    <token><![CDATA[DWkYNwHj6q61ld7]]></token>
    <language><![CDATA[en]]></language>
    <sent><![CDATA[N]]></sent>
    <remindersent><![CDATA[N]]></remindersent>
    <remindercount><![CDATA[0]]></remindercount>
    <validfrom><![CDATA[2021-05-26 11:19:00]]></validfrom>
    <validuntil><![CDATA[2021-09-23 11:19:00]]></validuntil>
   </row>
   <row>
    <usesleft><![CDATA[2]]></usesleft>
    <completed><![CDATA[N]]></completed>
    <emailstatus><![CDATA[OK]]></emailstatus>
    <tid><![CDATA[19]]></tid>
    <firstname><![CDATA[An]]></firstname>
    <lastname><![CDATA[To]]></lastname>
    <email/>
    <token><![CDATA[BvPsRabbOUqcwqy]]></token>
    <language><![CDATA[en]]></language>
    <sent><![CDATA[N]]></sent>
    <remindersent><![CDATA[N]]></remindersent>
    <remindercount><![CDATA[0]]></remindercount>
    <validfrom><![CDATA[2021-05-26 11:19:00]]></validfrom>
    <validuntil><![CDATA[2021-09-23 11:19:00]]></validuntil>
   </row>
   <row>
    <usesleft><![CDATA[2]]></usesleft>
    <completed><![CDATA[N]]></completed>
    <emailstatus><![CDATA[OK]]></emailstatus>
    <tid><![CDATA[20]]></tid>
    <firstname><![CDATA[An]]></firstname>
    <lastname><![CDATA[To]]></lastname>
    <email/>
    <token><![CDATA[7vbw6u3Kf4yt9os]]></token>
    <language><![CDATA[en]]></language>
    <sent><![CDATA[N]]></sent>
    <remindersent><![CDATA[N]]></remindersent>
    <remindercount><![CDATA[0]]></remindercount>
    <validfrom><![CDATA[2021-05-26 11:19:00]]></validfrom>
    <validuntil><![CDATA[2021-09-23 11:19:00]]></validuntil>
   </row>
   <row>
    <usesleft><![CDATA[2]]></usesleft>
    <completed><![CDATA[N]]></completed>
    <emailstatus><![CDATA[OK]]></emailstatus>
    <tid><![CDATA[21]]></tid>
    <firstname><![CDATA[An]]></firstname>
    <lastname><![CDATA[To]]></lastname>
    <email/>
    <token><![CDATA[78OBxUevdkLUh7f]]></token>
    <language><![CDATA[en]]></language>
    <sent><![CDATA[N]]></sent>
    <remindersent><![CDATA[N]]></remindersent>
    <remindercount><![CDATA[0]]></remindercount>
    <validfrom><![CDATA[2021-05-26 11:19:00]]></validfrom>
    <validuntil><![CDATA[2021-09-23 11:19:00]]></validuntil>
   </row>
   <row>
    <usesleft><![CDATA[2]]></usesleft>
    <completed><![CDATA[N]]></completed>
    <emailstatus><![CDATA[OK]]></emailstatus>
    <tid><![CDATA[22]]></tid>
    <firstname><![CDATA[An]]></firstname>
    <lastname><![CDATA[To]]></lastname>
    <email/>
    <token><![CDATA[T7WkUOhaX52fRaG]]></token>
    <language><![CDATA[en]]></language>
    <sent><![CDATA[N]]></sent>
    <remindersent><![CDATA[N]]></remindersent>
    <remindercount><![CDATA[0]]></remindercount>
    <validfrom><![CDATA[2021-05-26 11:19:00]]></validfrom>
    <validuntil><![CDATA[2021-09-23 11:19:00]]></validuntil>
   </row>
   <row>
    <usesleft><![CDATA[2]]></usesleft>
    <completed><![CDATA[N]]></completed>
    <emailstatus><![CDATA[OK]]></emailstatus>
    <tid><![CDATA[23]]></tid>
    <firstname><![CDATA[An]]></firstname>
    <lastname><![CDATA[To]]></lastname>
    <email/>
    <token><![CDATA[rUMIHn5JxlNqpxh]]></token>
    <language><![CDATA[en]]></language>
    <sent><![CDATA[N]]></sent>
    <remindersent><![CDATA[N]]></remindersent>
    <remindercount><![CDATA[0]]></remindercount>
    <validfrom><![CDATA[2021-05-26 11:19:00]]></validfrom>
    <validuntil><![CDATA[2021-09-23 11:19:00]]></validuntil>
   </row>
   <row>
    <usesleft><![CDATA[2]]></usesleft>
    <completed><![CDATA[N]]></completed>
    <emailstatus><![CDATA[OK]]></emailstatus>
    <tid><![CDATA[24]]></tid>
    <firstname><![CDATA[An]]></firstname>
    <lastname><![CDATA[To]]></lastname>
    <email/>
    <token><![CDATA[Y35mezXvnLpVpRz]]></token>
    <language><![CDATA[en]]></language>
    <sent><![CDATA[N]]></sent>
    <remindersent><![CDATA[N]]></remindersent>
    <remindercount><![CDATA[0]]></remindercount>
    <validfrom><![CDATA[2021-05-26 11:19:00]]></validfrom>
    <validuntil><![CDATA[2021-09-23 11:19:00]]></validuntil>
   </row>
   <row>
    <usesleft><![CDATA[2]]></usesleft>
    <completed><![CDATA[N]]></completed>
    <emailstatus><![CDATA[OK]]></emailstatus>
    <tid><![CDATA[25]]></tid>
    <firstname><![CDATA[An]]></firstname>
    <lastname><![CDATA[To]]></lastname>
    <email/>
    <token><![CDATA[P7BJlI1WjhBceJh]]></token>
    <language><![CDATA[en]]></language>
    <sent><![CDATA[N]]></sent>
    <remindersent><![CDATA[N]]></remindersent>
    <remindercount><![CDATA[0]]></remindercount>
    <validfrom><![CDATA[2021-05-26 11:19:00]]></validfrom>
    <validuntil><![CDATA[2021-09-23 11:19:00]]></validuntil>
   </row>
   <row>
    <usesleft><![CDATA[2]]></usesleft>
    <completed><![CDATA[N]]></completed>
    <emailstatus><![CDATA[OK]]></emailstatus>
    <tid><![CDATA[26]]></tid>
    <firstname><![CDATA[An]]></firstname>
    <lastname><![CDATA[To]]></lastname>
    <email/>
    <token><![CDATA[ErKghRdwCDUSkRl]]></token>
    <language><![CDATA[en]]></language>
    <sent><![CDATA[N]]></sent>
    <remindersent><![CDATA[N]]></remindersent>
    <remindercount><![CDATA[0]]></remindercount>
    <validfrom><![CDATA[2021-05-26 11:19:00]]></validfrom>
    <validuntil><![CDATA[2021-09-23 11:19:00]]></validuntil>
   </row>
   <row>
    <usesleft><![CDATA[2]]></usesleft>
    <completed><![CDATA[N]]></completed>
    <emailstatus><![CDATA[OK]]></emailstatus>
    <tid><![CDATA[27]]></tid>
    <firstname><![CDATA[An]]></firstname>
    <lastname><![CDATA[To]]></lastname>
    <email/>
    <token><![CDATA[zF4LnXW0vbqSZOk]]></token>
    <language><![CDATA[en]]></language>
    <sent><![CDATA[N]]></sent>
    <remindersent><![CDATA[N]]></remindersent>
    <remindercount><![CDATA[0]]></remindercount>
    <validfrom><![CDATA[2021-05-26 11:19:00]]></validfrom>
    <validuntil><![CDATA[2021-09-23 11:19:00]]></validuntil>
   </row>
   <row>
    <usesleft><![CDATA[2]]></usesleft>
    <completed><![CDATA[N]]></completed>
    <emailstatus><![CDATA[OK]]></emailstatus>
    <tid><![CDATA[28]]></tid>
    <firstname><![CDATA[An]]></firstname>
    <lastname><![CDATA[To]]></lastname>
    <email/>
    <token><![CDATA[YXBEZD0Wni3dCu4]]></token>
    <language><![CDATA[en]]></language>
    <sent><![CDATA[N]]></sent>
    <remindersent><![CDATA[N]]></remindersent>
    <remindercount><![CDATA[0]]></remindercount>
    <validfrom><![CDATA[2021-05-26 11:19:00]]></validfrom>
    <validuntil><![CDATA[2021-09-23 11:19:00]]></validuntil>
   </row>
   <row>
    <usesleft><![CDATA[2]]></usesleft>
    <completed><![CDATA[N]]></completed>
    <emailstatus><![CDATA[OK]]></emailstatus>
    <tid><![CDATA[29]]></tid>
    <firstname><![CDATA[An]]></firstname>
    <lastname><![CDATA[To]]></lastname>
    <email/>
    <token><![CDATA[UyiJDMHWsaLoOK8]]></token>
    <language><![CDATA[en]]></language>
    <sent><![CDATA[N]]></sent>
    <remindersent><![CDATA[N]]></remindersent>
    <remindercount><![CDATA[0]]></remindercount>
    <validfrom><![CDATA[2021-05-26 11:19:00]]></validfrom>
    <validuntil><![CDATA[2021-09-23 11:19:00]]></validuntil>
   </row>
   <row>
    <usesleft><![CDATA[2]]></usesleft>
    <completed><![CDATA[N]]></completed>
    <emailstatus><![CDATA[OK]]></emailstatus>
    <tid><![CDATA[30]]></tid>
    <firstname><![CDATA[An]]></firstname>
    <lastname><![CDATA[To]]></lastname>
    <email/>
    <token><![CDATA[qhH15Esxn8fRaBR]]></token>
    <language><![CDATA[en]]></language>
    <sent><![CDATA[N]]></sent>
    <remindersent><![CDATA[N]]></remindersent>
    <remindercount><![CDATA[0]]></remindercount>
    <validfrom><![CDATA[2021-05-26 11:19:00]]></validfrom>
    <validuntil><![CDATA[2021-09-23 11:19:00]]></validuntil>
   </row>
   <row>
    <usesleft><![CDATA[2]]></usesleft>
    <completed><![CDATA[N]]></completed>
    <emailstatus><![CDATA[OK]]></emailstatus>
    <tid><![CDATA[31]]></tid>
    <firstname><![CDATA[An]]></firstname>
    <lastname><![CDATA[To]]></lastname>
    <email/>
    <token><![CDATA[FbR2EOhzvdlWV8D]]></token>
    <language><![CDATA[en]]></language>
    <sent><![CDATA[N]]></sent>
    <remindersent><![CDATA[N]]></remindersent>
    <remindercount><![CDATA[0]]></remindercount>
    <validfrom><![CDATA[2021-05-26 11:19:00]]></validfrom>
    <validuntil><![CDATA[2021-09-23 11:19:00]]></validuntil>
   </row>
   <row>
    <usesleft><![CDATA[2]]></usesleft>
    <completed><![CDATA[N]]></completed>
    <emailstatus><![CDATA[OK]]></emailstatus>
    <tid><![CDATA[32]]></tid>
    <firstname><![CDATA[An]]></firstname>
    <lastname><![CDATA[To]]></lastname>
    <email/>
    <token><![CDATA[q2oNhqDfvOKbJzH]]></token>
    <language><![CDATA[en]]></language>
    <sent><![CDATA[N]]></sent>
    <remindersent><![CDATA[N]]></remindersent>
    <remindercount><![CDATA[0]]></remindercount>
    <validfrom><![CDATA[2021-05-26 11:19:00]]></validfrom>
    <validuntil><![CDATA[2021-09-23 11:19:00]]></validuntil>
   </row>
   <row>
    <usesleft><![CDATA[2]]></usesleft>
    <completed><![CDATA[N]]></completed>
    <emailstatus><![CDATA[OK]]></emailstatus>
    <tid><![CDATA[33]]></tid>
    <firstname><![CDATA[An]]></firstname>
    <lastname><![CDATA[To]]></lastname>
    <email/>
    <token><![CDATA[4XpgatzGcHXQay6]]></token>
    <language><![CDATA[en]]></language>
    <sent><![CDATA[N]]></sent>
    <remindersent><![CDATA[N]]></remindersent>
    <remindercount><![CDATA[0]]></remindercount>
    <validfrom><![CDATA[2021-05-26 11:19:00]]></validfrom>
    <validuntil><![CDATA[2021-09-23 11:19:00]]></validuntil>
   </row>
   <row>
    <usesleft><![CDATA[2]]></usesleft>
    <completed><![CDATA[N]]></completed>
    <emailstatus><![CDATA[OK]]></emailstatus>
    <tid><![CDATA[34]]></tid>
    <firstname><![CDATA[An]]></firstname>
    <lastname><![CDATA[To]]></lastname>
    <email/>
    <token><![CDATA[53oair17hrzF9C9]]></token>
    <language><![CDATA[en]]></language>
    <sent><![CDATA[N]]></sent>
    <remindersent><![CDATA[N]]></remindersent>
    <remindercount><![CDATA[0]]></remindercount>
    <validfrom><![CDATA[2021-05-26 11:19:00]]></validfrom>
    <validuntil><![CDATA[2021-09-23 11:19:00]]></validuntil>
   </row>
   <row>
    <usesleft><![CDATA[2]]></usesleft>
    <completed><![CDATA[N]]></completed>
    <emailstatus><![CDATA[OK]]></emailstatus>
    <tid><![CDATA[35]]></tid>
    <firstname><![CDATA[An]]></firstname>
    <lastname><![CDATA[To]]></lastname>
    <email/>
    <token><![CDATA[Ss4SRgJakHxpi1p]]></token>
    <language><![CDATA[en]]></language>
    <sent><![CDATA[N]]></sent>
    <remindersent><![CDATA[N]]></remindersent>
    <remindercount><![CDATA[0]]></remindercount>
    <validfrom><![CDATA[2021-05-26 11:19:00]]></validfrom>
    <validuntil><![CDATA[2021-09-23 11:19:00]]></validuntil>
   </row>
   <row>
    <usesleft><![CDATA[2]]></usesleft>
    <completed><![CDATA[N]]></completed>
    <emailstatus><![CDATA[OK]]></emailstatus>
    <tid><![CDATA[36]]></tid>
    <firstname><![CDATA[An]]></firstname>
    <lastname><![CDATA[To]]></lastname>
    <email/>
    <token><![CDATA[7HF1NF2jq6C0Uzf]]></token>
    <language><![CDATA[en]]></language>
    <sent><![CDATA[N]]></sent>
    <remindersent><![CDATA[N]]></remindersent>
    <remindercount><![CDATA[0]]></remindercount>
    <validfrom><![CDATA[2021-05-26 11:19:00]]></validfrom>
    <validuntil><![CDATA[2021-09-23 11:19:00]]></validuntil>
   </row>
   <row>
    <usesleft><![CDATA[2]]></usesleft>
    <completed><![CDATA[N]]></completed>
    <emailstatus><![CDATA[OK]]></emailstatus>
    <tid><![CDATA[37]]></tid>
    <firstname><![CDATA[An]]></firstname>
    <lastname><![CDATA[To]]></lastname>
    <email/>
    <token><![CDATA[aZlHKqtWd3b27FL]]></token>
    <language><![CDATA[en]]></language>
    <sent><![CDATA[N]]></sent>
    <remindersent><![CDATA[N]]></remindersent>
    <remindercount><![CDATA[0]]></remindercount>
    <validfrom><![CDATA[2021-05-26 11:19:00]]></validfrom>
    <validuntil><![CDATA[2021-09-23 11:19:00]]></validuntil>
   </row>
   <row>
    <usesleft><![CDATA[2]]></usesleft>
    <completed><![CDATA[N]]></completed>
    <emailstatus><![CDATA[OK]]></emailstatus>
    <tid><![CDATA[38]]></tid>
    <firstname><![CDATA[An]]></firstname>
    <lastname><![CDATA[To]]></lastname>
    <email/>
    <token><![CDATA[0CV0NtaKVVuaTrc]]></token>
    <language><![CDATA[en]]></language>
    <sent><![CDATA[N]]></sent>
    <remindersent><![CDATA[N]]></remindersent>
    <remindercount><![CDATA[0]]></remindercount>
    <validfrom><![CDATA[2021-05-26 11:19:00]]></validfrom>
    <validuntil><![CDATA[2021-09-23 11:19:00]]></validuntil>
   </row>
   <row>
    <usesleft><![CDATA[2]]></usesleft>
    <completed><![CDATA[N]]></completed>
    <emailstatus><![CDATA[OK]]></emailstatus>
    <tid><![CDATA[39]]></tid>
    <firstname><![CDATA[An]]></firstname>
    <lastname><![CDATA[To]]></lastname>
    <email/>
    <token><![CDATA[aIwooaJK6OqdrZP]]></token>
    <language><![CDATA[en]]></language>
    <sent><![CDATA[N]]></sent>
    <remindersent><![CDATA[N]]></remindersent>
    <remindercount><![CDATA[0]]></remindercount>
    <validfrom><![CDATA[2021-05-26 11:19:00]]></validfrom>
    <validuntil><![CDATA[2021-09-23 11:19:00]]></validuntil>
   </row>
   <row>
    <usesleft><![CDATA[2]]></usesleft>
    <completed><![CDATA[N]]></completed>
    <emailstatus><![CDATA[OK]]></emailstatus>
    <tid><![CDATA[40]]></tid>
    <firstname><![CDATA[An]]></firstname>
    <lastname><![CDATA[To]]></lastname>
    <email/>
    <token><![CDATA[0KYxlChEgfjbfB1]]></token>
    <language><![CDATA[en]]></language>
    <sent><![CDATA[N]]></sent>
    <remindersent><![CDATA[N]]></remindersent>
    <remindercount><![CDATA[0]]></remindercount>
    <validfrom><![CDATA[2021-05-26 11:19:00]]></validfrom>
    <validuntil><![CDATA[2021-09-23 11:19:00]]></validuntil>
   </row>
   <row>
    <usesleft><![CDATA[2]]></usesleft>
    <completed><![CDATA[N]]></completed>
    <emailstatus><![CDATA[OK]]></emailstatus>
    <tid><![CDATA[41]]></tid>
    <firstname><![CDATA[An]]></firstname>
    <lastname><![CDATA[To]]></lastname>
    <email/>
    <token><![CDATA[AojUuFf0ko8dzHh]]></token>
    <language><![CDATA[en]]></language>
    <sent><![CDATA[N]]></sent>
    <remindersent><![CDATA[N]]></remindersent>
    <remindercount><![CDATA[0]]></remindercount>
    <validfrom><![CDATA[2021-05-26 11:19:00]]></validfrom>
    <validuntil><![CDATA[2021-09-23 11:19:00]]></validuntil>
   </row>
   <row>
    <usesleft><![CDATA[2]]></usesleft>
    <completed><![CDATA[N]]></completed>
    <emailstatus><![CDATA[OK]]></emailstatus>
    <tid><![CDATA[42]]></tid>
    <firstname><![CDATA[An]]></firstname>
    <lastname><![CDATA[To]]></lastname>
    <email/>
    <token><![CDATA[xMaIAzuiBaaV69B]]></token>
    <language><![CDATA[en]]></language>
    <sent><![CDATA[N]]></sent>
    <remindersent><![CDATA[N]]></remindersent>
    <remindercount><![CDATA[0]]></remindercount>
    <validfrom><![CDATA[2021-05-26 11:19:00]]></validfrom>
    <validuntil><![CDATA[2021-09-23 11:19:00]]></validuntil>
   </row>
   <row>
    <usesleft><![CDATA[2]]></usesleft>
    <completed><![CDATA[N]]></completed>
    <emailstatus><![CDATA[OK]]></emailstatus>
    <tid><![CDATA[43]]></tid>
    <firstname><![CDATA[An]]></firstname>
    <lastname><![CDATA[To]]></lastname>
    <email/>
    <token><![CDATA[pwTKcN5DnSQcwI5]]></token>
    <language><![CDATA[en]]></language>
    <sent><![CDATA[N]]></sent>
    <remindersent><![CDATA[N]]></remindersent>
    <remindercount><![CDATA[0]]></remindercount>
    <validfrom><![CDATA[2021-05-26 11:19:00]]></validfrom>
    <validuntil><![CDATA[2021-09-23 11:19:00]]></validuntil>
   </row>
   <row>
    <usesleft><![CDATA[2]]></usesleft>
    <completed><![CDATA[N]]></completed>
    <emailstatus><![CDATA[OK]]></emailstatus>
    <tid><![CDATA[44]]></tid>
    <firstname><![CDATA[An]]></firstname>
    <lastname><![CDATA[To]]></lastname>
    <email/>
    <token><![CDATA[aNtK53jYztFZlfE]]></token>
    <language><![CDATA[en]]></language>
    <sent><![CDATA[N]]></sent>
    <remindersent><![CDATA[N]]></remindersent>
    <remindercount><![CDATA[0]]></remindercount>
    <validfrom><![CDATA[2021-05-26 11:19:00]]></validfrom>
    <validuntil><![CDATA[2021-09-23 11:19:00]]></validuntil>
   </row>
   <row>
    <usesleft><![CDATA[2]]></usesleft>
    <completed><![CDATA[N]]></completed>
    <emailstatus><![CDATA[OK]]></emailstatus>
    <tid><![CDATA[45]]></tid>
    <firstname><![CDATA[An]]></firstname>
    <lastname><![CDATA[To]]></lastname>
    <email/>
    <token><![CDATA[LZpiBUXw4TIxoqm]]></token>
    <language><![CDATA[en]]></language>
    <sent><![CDATA[N]]></sent>
    <remindersent><![CDATA[N]]></remindersent>
    <remindercount><![CDATA[0]]></remindercount>
    <validfrom><![CDATA[2021-05-26 11:19:00]]></validfrom>
    <validuntil><![CDATA[2021-09-23 11:19:00]]></validuntil>
   </row>
   <row>
    <usesleft><![CDATA[2]]></usesleft>
    <completed><![CDATA[N]]></completed>
    <emailstatus><![CDATA[OK]]></emailstatus>
    <tid><![CDATA[46]]></tid>
    <firstname><![CDATA[An]]></firstname>
    <lastname><![CDATA[To]]></lastname>
    <email/>
    <token><![CDATA[r3KSDOzjRthPaS6]]></token>
    <language><![CDATA[en]]></language>
    <sent><![CDATA[N]]></sent>
    <remindersent><![CDATA[N]]></remindersent>
    <remindercount><![CDATA[0]]></remindercount>
    <validfrom><![CDATA[2021-05-26 11:19:00]]></validfrom>
    <validuntil><![CDATA[2021-09-23 11:19:00]]></validuntil>
   </row>
   <row>
    <usesleft><![CDATA[2]]></usesleft>
    <completed><![CDATA[N]]></completed>
    <emailstatus><![CDATA[OK]]></emailstatus>
    <tid><![CDATA[47]]></tid>
    <firstname><![CDATA[An]]></firstname>
    <lastname><![CDATA[To]]></lastname>
    <email/>
    <token><![CDATA[seajauAlkMzVj9a]]></token>
    <language><![CDATA[en]]></language>
    <sent><![CDATA[N]]></sent>
    <remindersent><![CDATA[N]]></remindersent>
    <remindercount><![CDATA[0]]></remindercount>
    <validfrom><![CDATA[2021-05-26 11:19:00]]></validfrom>
    <validuntil><![CDATA[2021-09-23 11:19:00]]></validuntil>
   </row>
   <row>
    <usesleft><![CDATA[2]]></usesleft>
    <completed><![CDATA[N]]></completed>
    <emailstatus><![CDATA[OK]]></emailstatus>
    <tid><![CDATA[48]]></tid>
    <firstname><![CDATA[An]]></firstname>
    <lastname><![CDATA[To]]></lastname>
    <email/>
    <token><![CDATA[Pzk7nFZPvLhzF9a]]></token>
    <language><![CDATA[en]]></language>
    <sent><![CDATA[N]]></sent>
    <remindersent><![CDATA[N]]></remindersent>
    <remindercount><![CDATA[0]]></remindercount>
    <validfrom><![CDATA[2021-05-26 11:19:00]]></validfrom>
    <validuntil><![CDATA[2021-09-23 11:19:00]]></validuntil>
   </row>
   <row>
    <usesleft><![CDATA[2]]></usesleft>
    <completed><![CDATA[N]]></completed>
    <emailstatus><![CDATA[OK]]></emailstatus>
    <tid><![CDATA[49]]></tid>
    <firstname><![CDATA[An]]></firstname>
    <lastname><![CDATA[To]]></lastname>
    <email/>
    <token><![CDATA[1auGaSXdbbD1T0A]]></token>
    <language><![CDATA[en]]></language>
    <sent><![CDATA[N]]></sent>
    <remindersent><![CDATA[N]]></remindersent>
    <remindercount><![CDATA[0]]></remindercount>
    <validfrom><![CDATA[2021-05-26 11:19:00]]></validfrom>
    <validuntil><![CDATA[2021-09-23 11:19:00]]></validuntil>
   </row>
   <row>
    <usesleft><![CDATA[2]]></usesleft>
    <completed><![CDATA[N]]></completed>
    <emailstatus><![CDATA[OK]]></emailstatus>
    <tid><![CDATA[50]]></tid>
    <firstname><![CDATA[An]]></firstname>
    <lastname><![CDATA[To]]></lastname>
    <email/>
    <token><![CDATA[lapgiBh0h8m7h8m]]></token>
    <language><![CDATA[en]]></language>
    <sent><![CDATA[N]]></sent>
    <remindersent><![CDATA[N]]></remindersent>
    <remindercount><![CDATA[0]]></remindercount>
    <validfrom><![CDATA[2021-05-26 11:19:00]]></validfrom>
    <validuntil><![CDATA[2021-09-23 11:19:00]]></validuntil>
   </row>
   <row>
    <usesleft><![CDATA[2]]></usesleft>
    <completed><![CDATA[N]]></completed>
    <emailstatus><![CDATA[OK]]></emailstatus>
    <tid><![CDATA[51]]></tid>
    <firstname><![CDATA[An]]></firstname>
    <lastname><![CDATA[To]]></lastname>
    <email/>
    <token><![CDATA[eEQkPR4u0P2iKDU]]></token>
    <language><![CDATA[en]]></language>
    <sent><![CDATA[N]]></sent>
    <remindersent><![CDATA[N]]></remindersent>
    <remindercount><![CDATA[0]]></remindercount>
    <validfrom><![CDATA[2021-05-26 11:19:00]]></validfrom>
    <validuntil><![CDATA[2021-09-23 11:19:00]]></validuntil>
   </row>
   <row>
    <usesleft><![CDATA[2]]></usesleft>
    <completed><![CDATA[N]]></completed>
    <emailstatus><![CDATA[OK]]></emailstatus>
    <tid><![CDATA[52]]></tid>
    <firstname><![CDATA[An]]></firstname>
    <lastname><![CDATA[To]]></lastname>
    <email/>
    <token><![CDATA[WjDpAHUugagQeAo]]></token>
    <language><![CDATA[en]]></language>
    <sent><![CDATA[N]]></sent>
    <remindersent><![CDATA[N]]></remindersent>
    <remindercount><![CDATA[0]]></remindercount>
    <validfrom><![CDATA[2021-05-26 11:19:00]]></validfrom>
    <validuntil><![CDATA[2021-09-23 11:19:00]]></validuntil>
   </row>
   <row>
    <usesleft><![CDATA[2]]></usesleft>
    <completed><![CDATA[N]]></completed>
    <emailstatus><![CDATA[OK]]></emailstatus>
    <tid><![CDATA[53]]></tid>
    <firstname><![CDATA[An]]></firstname>
    <lastname><![CDATA[To]]></lastname>
    <email/>
    <token><![CDATA[MloFHHWdfMZZ1Ot]]></token>
    <language><![CDATA[en]]></language>
    <sent><![CDATA[N]]></sent>
    <remindersent><![CDATA[N]]></remindersent>
    <remindercount><![CDATA[0]]></remindercount>
    <validfrom><![CDATA[2021-05-26 11:19:00]]></validfrom>
    <validuntil><![CDATA[2021-09-23 11:19:00]]></validuntil>
   </row>
   <row>
    <usesleft><![CDATA[2]]></usesleft>
    <completed><![CDATA[N]]></completed>
    <emailstatus><![CDATA[OK]]></emailstatus>
    <tid><![CDATA[54]]></tid>
    <firstname><![CDATA[An]]></firstname>
    <lastname><![CDATA[To]]></lastname>
    <email/>
    <token><![CDATA[cuprEbxFb1MhfRJ]]></token>
    <language><![CDATA[en]]></language>
    <sent><![CDATA[N]]></sent>
    <remindersent><![CDATA[N]]></remindersent>
    <remindercount><![CDATA[0]]></remindercount>
    <validfrom><![CDATA[2021-05-26 11:19:00]]></validfrom>
    <validuntil><![CDATA[2021-09-23 11:19:00]]></validuntil>
   </row>
   <row>
    <usesleft><![CDATA[2]]></usesleft>
    <completed><![CDATA[N]]></completed>
    <emailstatus><![CDATA[OK]]></emailstatus>
    <tid><![CDATA[55]]></tid>
    <firstname><![CDATA[An]]></firstname>
    <lastname><![CDATA[To]]></lastname>
    <email/>
    <token><![CDATA[AdI6CH4wn5lbtRK]]></token>
    <language><![CDATA[en]]></language>
    <sent><![CDATA[N]]></sent>
    <remindersent><![CDATA[N]]></remindersent>
    <remindercount><![CDATA[0]]></remindercount>
    <validfrom><![CDATA[2021-05-26 11:19:00]]></validfrom>
    <validuntil><![CDATA[2021-09-23 11:19:00]]></validuntil>
   </row>
   <row>
    <usesleft><![CDATA[2]]></usesleft>
    <completed><![CDATA[N]]></completed>
    <emailstatus><![CDATA[OK]]></emailstatus>
    <tid><![CDATA[56]]></tid>
    <firstname><![CDATA[An]]></firstname>
    <lastname><![CDATA[To]]></lastname>
    <email/>
    <token><![CDATA[C4P6E078QJAdgF9]]></token>
    <language><![CDATA[en]]></language>
    <sent><![CDATA[N]]></sent>
    <remindersent><![CDATA[N]]></remindersent>
    <remindercount><![CDATA[0]]></remindercount>
    <validfrom><![CDATA[2021-05-26 11:19:00]]></validfrom>
    <validuntil><![CDATA[2021-09-23 11:19:00]]></validuntil>
   </row>
   <row>
    <usesleft><![CDATA[2]]></usesleft>
    <completed><![CDATA[N]]></completed>
    <emailstatus><![CDATA[OK]]></emailstatus>
    <tid><![CDATA[57]]></tid>
    <firstname><![CDATA[An]]></firstname>
    <lastname><![CDATA[To]]></lastname>
    <email/>
    <token><![CDATA[HQnYvULGjmgt2Ik]]></token>
    <language><![CDATA[en]]></language>
    <sent><![CDATA[N]]></sent>
    <remindersent><![CDATA[N]]></remindersent>
    <remindercount><![CDATA[0]]></remindercount>
    <validfrom><![CDATA[2021-05-26 11:19:00]]></validfrom>
    <validuntil><![CDATA[2021-09-23 11:19:00]]></validuntil>
   </row>
   <row>
    <usesleft><![CDATA[2]]></usesleft>
    <completed><![CDATA[N]]></completed>
    <emailstatus><![CDATA[OK]]></emailstatus>
    <tid><![CDATA[58]]></tid>
    <firstname><![CDATA[An]]></firstname>
    <lastname><![CDATA[To]]></lastname>
    <email/>
    <token><![CDATA[phGSKooCvuM0LUS]]></token>
    <language><![CDATA[en]]></language>
    <sent><![CDATA[N]]></sent>
    <remindersent><![CDATA[N]]></remindersent>
    <remindercount><![CDATA[0]]></remindercount>
    <validfrom><![CDATA[2021-05-26 11:19:00]]></validfrom>
    <validuntil><![CDATA[2021-09-23 11:19:00]]></validuntil>
   </row>
   <row>
    <usesleft><![CDATA[2]]></usesleft>
    <completed><![CDATA[N]]></completed>
    <emailstatus><![CDATA[OK]]></emailstatus>
    <tid><![CDATA[59]]></tid>
    <firstname><![CDATA[An]]></firstname>
    <lastname><![CDATA[To]]></lastname>
    <email/>
    <token><![CDATA[HBijsl25iQKzonz]]></token>
    <language><![CDATA[en]]></language>
    <sent><![CDATA[N]]></sent>
    <remindersent><![CDATA[N]]></remindersent>
    <remindercount><![CDATA[0]]></remindercount>
    <validfrom><![CDATA[2021-05-26 11:19:00]]></validfrom>
    <validuntil><![CDATA[2021-09-23 11:19:00]]></validuntil>
   </row>
   <row>
    <usesleft><![CDATA[2]]></usesleft>
    <completed><![CDATA[N]]></completed>
    <emailstatus><![CDATA[OK]]></emailstatus>
    <tid><![CDATA[60]]></tid>
    <firstname><![CDATA[An]]></firstname>
    <lastname><![CDATA[To]]></lastname>
    <email/>
    <token><![CDATA[ZX6Lim7bO0n56tx]]></token>
    <language><![CDATA[en]]></language>
    <sent><![CDATA[N]]></sent>
    <remindersent><![CDATA[N]]></remindersent>
    <remindercount><![CDATA[0]]></remindercount>
    <validfrom><![CDATA[2021-05-26 11:19:00]]></validfrom>
    <validuntil><![CDATA[2021-09-23 11:19:00]]></validuntil>
   </row>
   <row>
    <usesleft><![CDATA[2]]></usesleft>
    <completed><![CDATA[N]]></completed>
    <emailstatus><![CDATA[OK]]></emailstatus>
    <tid><![CDATA[61]]></tid>
    <firstname><![CDATA[An]]></firstname>
    <lastname><![CDATA[To]]></lastname>
    <email/>
    <token><![CDATA[Vru2KQxE8NfPaTd]]></token>
    <language><![CDATA[en]]></language>
    <sent><![CDATA[N]]></sent>
    <remindersent><![CDATA[N]]></remindersent>
    <remindercount><![CDATA[0]]></remindercount>
    <validfrom><![CDATA[2021-05-26 11:19:00]]></validfrom>
    <validuntil><![CDATA[2021-09-23 11:19:00]]></validuntil>
   </row>
   <row>
    <usesleft><![CDATA[2]]></usesleft>
    <completed><![CDATA[N]]></completed>
    <emailstatus><![CDATA[OK]]></emailstatus>
    <tid><![CDATA[62]]></tid>
    <firstname><![CDATA[An]]></firstname>
    <lastname><![CDATA[To]]></lastname>
    <email/>
    <token><![CDATA[VUnhPgacZGG0Wg5]]></token>
    <language><![CDATA[en]]></language>
    <sent><![CDATA[N]]></sent>
    <remindersent><![CDATA[N]]></remindersent>
    <remindercount><![CDATA[0]]></remindercount>
    <validfrom><![CDATA[2021-05-26 11:19:00]]></validfrom>
    <validuntil><![CDATA[2021-09-23 11:19:00]]></validuntil>
   </row>
   <row>
    <usesleft><![CDATA[2]]></usesleft>
    <completed><![CDATA[N]]></completed>
    <emailstatus><![CDATA[OK]]></emailstatus>
    <tid><![CDATA[63]]></tid>
    <firstname><![CDATA[An]]></firstname>
    <lastname><![CDATA[To]]></lastname>
    <email/>
    <token><![CDATA[4qq7f5ujEIvEMgF]]></token>
    <language><![CDATA[en]]></language>
    <sent><![CDATA[N]]></sent>
    <remindersent><![CDATA[N]]></remindersent>
    <remindercount><![CDATA[0]]></remindercount>
    <validfrom><![CDATA[2021-05-26 11:19:00]]></validfrom>
    <validuntil><![CDATA[2021-09-23 11:19:00]]></validuntil>
   </row>
   <row>
    <usesleft><![CDATA[2]]></usesleft>
    <completed><![CDATA[N]]></completed>
    <emailstatus><![CDATA[OK]]></emailstatus>
    <tid><![CDATA[64]]></tid>
    <firstname><![CDATA[An]]></firstname>
    <lastname><![CDATA[To]]></lastname>
    <email/>
    <token><![CDATA[Tn9xqolYTcdYn9o]]></token>
    <language><![CDATA[en]]></language>
    <sent><![CDATA[N]]></sent>
    <remindersent><![CDATA[N]]></remindersent>
    <remindercount><![CDATA[0]]></remindercount>
    <validfrom><![CDATA[2021-05-26 11:19:00]]></validfrom>
    <validuntil><![CDATA[2021-09-23 11:19:00]]></validuntil>
   </row>
   <row>
    <usesleft><![CDATA[2]]></usesleft>
    <completed><![CDATA[N]]></completed>
    <emailstatus><![CDATA[OK]]></emailstatus>
    <tid><![CDATA[65]]></tid>
    <firstname><![CDATA[An]]></firstname>
    <lastname><![CDATA[To]]></lastname>
    <email/>
    <token><![CDATA[3cOTC3WAC2Pyr7S]]></token>
    <language><![CDATA[en]]></language>
    <sent><![CDATA[N]]></sent>
    <remindersent><![CDATA[N]]></remindersent>
    <remindercount><![CDATA[0]]></remindercount>
    <validfrom><![CDATA[2021-05-26 11:19:00]]></validfrom>
    <validuntil><![CDATA[2021-09-23 11:19:00]]></validuntil>
   </row>
   <row>
    <usesleft><![CDATA[2]]></usesleft>
    <completed><![CDATA[N]]></completed>
    <emailstatus><![CDATA[OK]]></emailstatus>
    <tid><![CDATA[66]]></tid>
    <firstname><![CDATA[An]]></firstname>
    <lastname><![CDATA[To]]></lastname>
    <email/>
    <token><![CDATA[TwOI5jJyKvslGoF]]></token>
    <language><![CDATA[en]]></language>
    <sent><![CDATA[N]]></sent>
    <remindersent><![CDATA[N]]></remindersent>
    <remindercount><![CDATA[0]]></remindercount>
    <validfrom><![CDATA[2021-05-26 11:19:00]]></validfrom>
    <validuntil><![CDATA[2021-09-23 11:19:00]]></validuntil>
   </row>
   <row>
    <usesleft><![CDATA[2]]></usesleft>
    <completed><![CDATA[N]]></completed>
    <emailstatus><![CDATA[OK]]></emailstatus>
    <tid><![CDATA[67]]></tid>
    <firstname><![CDATA[An]]></firstname>
    <lastname><![CDATA[To]]></lastname>
    <email/>
    <token><![CDATA[zzZX9INR5OwLvgd]]></token>
    <language><![CDATA[en]]></language>
    <sent><![CDATA[N]]></sent>
    <remindersent><![CDATA[N]]></remindersent>
    <remindercount><![CDATA[0]]></remindercount>
    <validfrom><![CDATA[2021-05-26 11:19:00]]></validfrom>
    <validuntil><![CDATA[2021-09-23 11:19:00]]></validuntil>
   </row>
   <row>
    <usesleft><![CDATA[2]]></usesleft>
    <completed><![CDATA[N]]></completed>
    <emailstatus><![CDATA[OK]]></emailstatus>
    <tid><![CDATA[68]]></tid>
    <firstname><![CDATA[An]]></firstname>
    <lastname><![CDATA[To]]></lastname>
    <email/>
    <token><![CDATA[0Ywj0mDsr0JzKuD]]></token>
    <language><![CDATA[en]]></language>
    <sent><![CDATA[N]]></sent>
    <remindersent><![CDATA[N]]></remindersent>
    <remindercount><![CDATA[0]]></remindercount>
    <validfrom><![CDATA[2021-05-26 11:19:00]]></validfrom>
    <validuntil><![CDATA[2021-09-23 11:19:00]]></validuntil>
   </row>
   <row>
    <usesleft><![CDATA[2]]></usesleft>
    <completed><![CDATA[N]]></completed>
    <emailstatus><![CDATA[OK]]></emailstatus>
    <tid><![CDATA[69]]></tid>
    <firstname><![CDATA[An]]></firstname>
    <lastname><![CDATA[To]]></lastname>
    <email/>
    <token><![CDATA[6YxhSm5vs05sDuJ]]></token>
    <language><![CDATA[en]]></language>
    <sent><![CDATA[N]]></sent>
    <remindersent><![CDATA[N]]></remindersent>
    <remindercount><![CDATA[0]]></remindercount>
    <validfrom><![CDATA[2021-05-26 11:19:00]]></validfrom>
    <validuntil><![CDATA[2021-09-23 11:19:00]]></validuntil>
   </row>
   <row>
    <usesleft><![CDATA[2]]></usesleft>
    <completed><![CDATA[N]]></completed>
    <emailstatus><![CDATA[OK]]></emailstatus>
    <tid><![CDATA[70]]></tid>
    <firstname><![CDATA[An]]></firstname>
    <lastname><![CDATA[To]]></lastname>
    <email/>
    <token><![CDATA[GPZj0ia0lszuKb5]]></token>
    <language><![CDATA[en]]></language>
    <sent><![CDATA[N]]></sent>
    <remindersent><![CDATA[N]]></remindersent>
    <remindercount><![CDATA[0]]></remindercount>
    <validfrom><![CDATA[2021-05-26 11:19:00]]></validfrom>
    <validuntil><![CDATA[2021-09-23 11:19:00]]></validuntil>
   </row>
   <row>
    <usesleft><![CDATA[2]]></usesleft>
    <completed><![CDATA[N]]></completed>
    <emailstatus><![CDATA[OK]]></emailstatus>
    <tid><![CDATA[71]]></tid>
    <firstname><![CDATA[An]]></firstname>
    <lastname><![CDATA[To]]></lastname>
    <email/>
    <token><![CDATA[cNitzyx3tKdVWgq]]></token>
    <language><![CDATA[en]]></language>
    <sent><![CDATA[N]]></sent>
    <remindersent><![CDATA[N]]></remindersent>
    <remindercount><![CDATA[0]]></remindercount>
    <validfrom><![CDATA[2021-05-26 11:19:00]]></validfrom>
    <validuntil><![CDATA[2021-09-23 11:19:00]]></validuntil>
   </row>
   <row>
    <usesleft><![CDATA[2]]></usesleft>
    <completed><![CDATA[N]]></completed>
    <emailstatus><![CDATA[OK]]></emailstatus>
    <tid><![CDATA[72]]></tid>
    <firstname><![CDATA[An]]></firstname>
    <lastname><![CDATA[To]]></lastname>
    <email/>
    <token><![CDATA[aymsT3ncMluWD7d]]></token>
    <language><![CDATA[en]]></language>
    <sent><![CDATA[N]]></sent>
    <remindersent><![CDATA[N]]></remindersent>
    <remindercount><![CDATA[0]]></remindercount>
    <validfrom><![CDATA[2021-05-26 11:19:00]]></validfrom>
    <validuntil><![CDATA[2021-09-23 11:19:00]]></validuntil>
   </row>
   <row>
    <usesleft><![CDATA[2]]></usesleft>
    <completed><![CDATA[N]]></completed>
    <emailstatus><![CDATA[OK]]></emailstatus>
    <tid><![CDATA[73]]></tid>
    <firstname><![CDATA[An]]></firstname>
    <lastname><![CDATA[To]]></lastname>
    <email/>
    <token><![CDATA[zdOf3ZwG9Tcgm1P]]></token>
    <language><![CDATA[en]]></language>
    <sent><![CDATA[N]]></sent>
    <remindersent><![CDATA[N]]></remindersent>
    <remindercount><![CDATA[0]]></remindercount>
    <validfrom><![CDATA[2021-05-26 11:19:00]]></validfrom>
    <validuntil><![CDATA[2021-09-23 11:19:00]]></validuntil>
   </row>
   <row>
    <usesleft><![CDATA[2]]></usesleft>
    <completed><![CDATA[N]]></completed>
    <emailstatus><![CDATA[OK]]></emailstatus>
    <tid><![CDATA[74]]></tid>
    <firstname><![CDATA[An]]></firstname>
    <lastname><![CDATA[To]]></lastname>
    <email/>
    <token><![CDATA[T4GNQK3AMM6w02D]]></token>
    <language><![CDATA[en]]></language>
    <sent><![CDATA[N]]></sent>
    <remindersent><![CDATA[N]]></remindersent>
    <remindercount><![CDATA[0]]></remindercount>
    <validfrom><![CDATA[2021-05-26 11:19:00]]></validfrom>
    <validuntil><![CDATA[2021-09-23 11:19:00]]></validuntil>
   </row>
   <row>
    <usesleft><![CDATA[2]]></usesleft>
    <completed><![CDATA[N]]></completed>
    <emailstatus><![CDATA[OK]]></emailstatus>
    <tid><![CDATA[75]]></tid>
    <firstname><![CDATA[An]]></firstname>
    <lastname><![CDATA[To]]></lastname>
    <email/>
    <token><![CDATA[FSAi6TvnltvUZfi]]></token>
    <language><![CDATA[en]]></language>
    <sent><![CDATA[N]]></sent>
    <remindersent><![CDATA[N]]></remindersent>
    <remindercount><![CDATA[0]]></remindercount>
    <validfrom><![CDATA[2021-05-26 11:19:00]]></validfrom>
    <validuntil><![CDATA[2021-09-23 11:19:00]]></validuntil>
   </row>
   <row>
    <usesleft><![CDATA[2]]></usesleft>
    <completed><![CDATA[N]]></completed>
    <emailstatus><![CDATA[OK]]></emailstatus>
    <tid><![CDATA[76]]></tid>
    <firstname><![CDATA[An]]></firstname>
    <lastname><![CDATA[To]]></lastname>
    <email/>
    <token><![CDATA[6l2ANwvmHEOG9I0]]></token>
    <language><![CDATA[en]]></language>
    <sent><![CDATA[N]]></sent>
    <remindersent><![CDATA[N]]></remindersent>
    <remindercount><![CDATA[0]]></remindercount>
    <validfrom><![CDATA[2021-05-26 11:19:00]]></validfrom>
    <validuntil><![CDATA[2021-09-23 11:19:00]]></validuntil>
   </row>
   <row>
    <usesleft><![CDATA[2]]></usesleft>
    <completed><![CDATA[N]]></completed>
    <emailstatus><![CDATA[OK]]></emailstatus>
    <tid><![CDATA[77]]></tid>
    <firstname><![CDATA[An]]></firstname>
    <lastname><![CDATA[To]]></lastname>
    <email/>
    <token><![CDATA[CKZv19mHE9rXGcI]]></token>
    <language><![CDATA[en]]></language>
    <sent><![CDATA[N]]></sent>
    <remindersent><![CDATA[N]]></remindersent>
    <remindercount><![CDATA[0]]></remindercount>
    <validfrom><![CDATA[2021-05-26 11:19:00]]></validfrom>
    <validuntil><![CDATA[2021-09-23 11:19:00]]></validuntil>
   </row>
   <row>
    <usesleft><![CDATA[2]]></usesleft>
    <completed><![CDATA[N]]></completed>
    <emailstatus><![CDATA[OK]]></emailstatus>
    <tid><![CDATA[78]]></tid>
    <firstname><![CDATA[An]]></firstname>
    <lastname><![CDATA[To]]></lastname>
    <email/>
    <token><![CDATA[mF3WfcUNDGndtMt]]></token>
    <language><![CDATA[en]]></language>
    <sent><![CDATA[N]]></sent>
    <remindersent><![CDATA[N]]></remindersent>
    <remindercount><![CDATA[0]]></remindercount>
    <validfrom><![CDATA[2021-05-26 11:19:00]]></validfrom>
    <validuntil><![CDATA[2021-09-23 11:19:00]]></validuntil>
   </row>
   <row>
    <usesleft><![CDATA[2]]></usesleft>
    <completed><![CDATA[N]]></completed>
    <emailstatus><![CDATA[OK]]></emailstatus>
    <tid><![CDATA[79]]></tid>
    <firstname><![CDATA[An]]></firstname>
    <lastname><![CDATA[To]]></lastname>
    <email/>
    <token><![CDATA[Yi98E5WCXBJz05R]]></token>
    <language><![CDATA[en]]></language>
    <sent><![CDATA[N]]></sent>
    <remindersent><![CDATA[N]]></remindersent>
    <remindercount><![CDATA[0]]></remindercount>
    <validfrom><![CDATA[2021-05-26 11:19:00]]></validfrom>
    <validuntil><![CDATA[2021-09-23 11:19:00]]></validuntil>
   </row>
   <row>
    <usesleft><![CDATA[2]]></usesleft>
    <completed><![CDATA[N]]></completed>
    <emailstatus><![CDATA[OK]]></emailstatus>
    <tid><![CDATA[80]]></tid>
    <firstname><![CDATA[An]]></firstname>
    <lastname><![CDATA[To]]></lastname>
    <email/>
    <token><![CDATA[eICn8fd03QnaNmY]]></token>
    <language><![CDATA[en]]></language>
    <sent><![CDATA[N]]></sent>
    <remindersent><![CDATA[N]]></remindersent>
    <remindercount><![CDATA[0]]></remindercount>
    <validfrom><![CDATA[2021-05-26 11:19:00]]></validfrom>
    <validuntil><![CDATA[2021-09-23 11:19:00]]></validuntil>
   </row>
   <row>
    <usesleft><![CDATA[2]]></usesleft>
    <completed><![CDATA[N]]></completed>
    <emailstatus><![CDATA[OK]]></emailstatus>
    <tid><![CDATA[81]]></tid>
    <firstname><![CDATA[An]]></firstname>
    <lastname><![CDATA[To]]></lastname>
    <email/>
    <token><![CDATA[iOq7014ZCJUzZsz]]></token>
    <language><![CDATA[en]]></language>
    <sent><![CDATA[N]]></sent>
    <remindersent><![CDATA[N]]></remindersent>
    <remindercount><![CDATA[0]]></remindercount>
    <validfrom><![CDATA[2021-05-26 11:19:00]]></validfrom>
    <validuntil><![CDATA[2021-09-23 11:19:00]]></validuntil>
   </row>
   <row>
    <usesleft><![CDATA[2]]></usesleft>
    <completed><![CDATA[N]]></completed>
    <emailstatus><![CDATA[OK]]></emailstatus>
    <tid><![CDATA[82]]></tid>
    <firstname><![CDATA[An]]></firstname>
    <lastname><![CDATA[To]]></lastname>
    <email/>
    <token><![CDATA[v1rsYrchiwLrVFF]]></token>
    <language><![CDATA[en]]></language>
    <sent><![CDATA[N]]></sent>
    <remindersent><![CDATA[N]]></remindersent>
    <remindercount><![CDATA[0]]></remindercount>
    <validfrom><![CDATA[2021-05-26 11:19:00]]></validfrom>
    <validuntil><![CDATA[2021-09-23 11:19:00]]></validuntil>
   </row>
   <row>
    <usesleft><![CDATA[2]]></usesleft>
    <completed><![CDATA[N]]></completed>
    <emailstatus><![CDATA[OK]]></emailstatus>
    <tid><![CDATA[83]]></tid>
    <firstname><![CDATA[An]]></firstname>
    <lastname><![CDATA[To]]></lastname>
    <email/>
    <token><![CDATA[3XvoIDpbTY9JZAN]]></token>
    <language><![CDATA[en]]></language>
    <sent><![CDATA[N]]></sent>
    <remindersent><![CDATA[N]]></remindersent>
    <remindercount><![CDATA[0]]></remindercount>
    <validfrom><![CDATA[2021-05-26 11:19:00]]></validfrom>
    <validuntil><![CDATA[2021-09-23 11:19:00]]></validuntil>
   </row>
   <row>
    <usesleft><![CDATA[2]]></usesleft>
    <completed><![CDATA[N]]></completed>
    <emailstatus><![CDATA[OK]]></emailstatus>
    <tid><![CDATA[84]]></tid>
    <firstname><![CDATA[An]]></firstname>
    <lastname><![CDATA[To]]></lastname>
    <email/>
    <token><![CDATA[Es92eMolqJsxOw7]]></token>
    <language><![CDATA[en]]></language>
    <sent><![CDATA[N]]></sent>
    <remindersent><![CDATA[N]]></remindersent>
    <remindercount><![CDATA[0]]></remindercount>
    <validfrom><![CDATA[2021-05-26 11:19:00]]></validfrom>
    <validuntil><![CDATA[2021-09-23 11:19:00]]></validuntil>
   </row>
   <row>
    <usesleft><![CDATA[2]]></usesleft>
    <completed><![CDATA[N]]></completed>
    <emailstatus><![CDATA[OK]]></emailstatus>
    <tid><![CDATA[85]]></tid>
    <firstname><![CDATA[An]]></firstname>
    <lastname><![CDATA[To]]></lastname>
    <email/>
    <token><![CDATA[cC8xzEWHnriDLMd]]></token>
    <language><![CDATA[en]]></language>
    <sent><![CDATA[N]]></sent>
    <remindersent><![CDATA[N]]></remindersent>
    <remindercount><![CDATA[0]]></remindercount>
    <validfrom><![CDATA[2021-05-26 11:19:00]]></validfrom>
    <validuntil><![CDATA[2021-09-23 11:19:00]]></validuntil>
   </row>
   <row>
    <usesleft><![CDATA[2]]></usesleft>
    <completed><![CDATA[N]]></completed>
    <emailstatus><![CDATA[OK]]></emailstatus>
    <tid><![CDATA[86]]></tid>
    <firstname><![CDATA[An]]></firstname>
    <lastname><![CDATA[To]]></lastname>
    <email/>
    <token><![CDATA[dWxRAFlkY9OkYcS]]></token>
    <language><![CDATA[en]]></language>
    <sent><![CDATA[N]]></sent>
    <remindersent><![CDATA[N]]></remindersent>
    <remindercount><![CDATA[0]]></remindercount>
    <validfrom><![CDATA[2021-05-26 11:19:00]]></validfrom>
    <validuntil><![CDATA[2021-09-23 11:19:00]]></validuntil>
   </row>
   <row>
    <usesleft><![CDATA[2]]></usesleft>
    <completed><![CDATA[N]]></completed>
    <emailstatus><![CDATA[OK]]></emailstatus>
    <tid><![CDATA[87]]></tid>
    <firstname><![CDATA[An]]></firstname>
    <lastname><![CDATA[To]]></lastname>
    <email/>
    <token><![CDATA[KUDxyaKMpMlHadl]]></token>
    <language><![CDATA[en]]></language>
    <sent><![CDATA[N]]></sent>
    <remindersent><![CDATA[N]]></remindersent>
    <remindercount><![CDATA[0]]></remindercount>
    <validfrom><![CDATA[2021-05-26 11:19:00]]></validfrom>
    <validuntil><![CDATA[2021-09-23 11:19:00]]></validuntil>
   </row>
   <row>
    <usesleft><![CDATA[2]]></usesleft>
    <completed><![CDATA[N]]></completed>
    <emailstatus><![CDATA[OK]]></emailstatus>
    <tid><![CDATA[88]]></tid>
    <firstname><![CDATA[An]]></firstname>
    <lastname><![CDATA[To]]></lastname>
    <email/>
    <token><![CDATA[8XojpSF8zboS97q]]></token>
    <language><![CDATA[en]]></language>
    <sent><![CDATA[N]]></sent>
    <remindersent><![CDATA[N]]></remindersent>
    <remindercount><![CDATA[0]]></remindercount>
    <validfrom><![CDATA[2021-05-26 11:19:00]]></validfrom>
    <validuntil><![CDATA[2021-09-23 11:19:00]]></validuntil>
   </row>
   <row>
    <usesleft><![CDATA[2]]></usesleft>
    <completed><![CDATA[N]]></completed>
    <emailstatus><![CDATA[OK]]></emailstatus>
    <tid><![CDATA[89]]></tid>
    <firstname><![CDATA[An]]></firstname>
    <lastname><![CDATA[To]]></lastname>
    <email/>
    <token><![CDATA[Knz56qtDL3BT2lX]]></token>
    <language><![CDATA[en]]></language>
    <sent><![CDATA[N]]></sent>
    <remindersent><![CDATA[N]]></remindersent>
    <remindercount><![CDATA[0]]></remindercount>
    <validfrom><![CDATA[2021-05-26 11:19:00]]></validfrom>
    <validuntil><![CDATA[2021-09-23 11:19:00]]></validuntil>
   </row>
   <row>
    <usesleft><![CDATA[2]]></usesleft>
    <completed><![CDATA[N]]></completed>
    <emailstatus><![CDATA[OK]]></emailstatus>
    <tid><![CDATA[90]]></tid>
    <firstname><![CDATA[An]]></firstname>
    <lastname><![CDATA[To]]></lastname>
    <email/>
    <token><![CDATA[K51UjrYcrneQ2DU]]></token>
    <language><![CDATA[en]]></language>
    <sent><![CDATA[N]]></sent>
    <remindersent><![CDATA[N]]></remindersent>
    <remindercount><![CDATA[0]]></remindercount>
    <validfrom><![CDATA[2021-05-26 11:19:00]]></validfrom>
    <validuntil><![CDATA[2021-09-23 11:19:00]]></validuntil>
   </row>
   <row>
    <usesleft><![CDATA[2]]></usesleft>
    <completed><![CDATA[N]]></completed>
    <emailstatus><![CDATA[OK]]></emailstatus>
    <tid><![CDATA[91]]></tid>
    <firstname><![CDATA[An]]></firstname>
    <lastname><![CDATA[To]]></lastname>
    <email/>
    <token><![CDATA[TFvecd3QOAqh4uf]]></token>
    <language><![CDATA[en]]></language>
    <sent><![CDATA[N]]></sent>
    <remindersent><![CDATA[N]]></remindersent>
    <remindercount><![CDATA[0]]></remindercount>
    <validfrom><![CDATA[2021-05-26 11:19:00]]></validfrom>
    <validuntil><![CDATA[2021-09-23 11:19:00]]></validuntil>
   </row>
   <row>
    <usesleft><![CDATA[2]]></usesleft>
    <completed><![CDATA[N]]></completed>
    <emailstatus><![CDATA[OK]]></emailstatus>
    <tid><![CDATA[92]]></tid>
    <firstname><![CDATA[An]]></firstname>
    <lastname><![CDATA[To]]></lastname>
    <email/>
    <token><![CDATA[WuvTSUkwspPbonG]]></token>
    <language><![CDATA[en]]></language>
    <sent><![CDATA[N]]></sent>
    <remindersent><![CDATA[N]]></remindersent>
    <remindercount><![CDATA[0]]></remindercount>
    <validfrom><![CDATA[2021-05-26 11:19:00]]></validfrom>
    <validuntil><![CDATA[2021-09-23 11:19:00]]></validuntil>
   </row>
   <row>
    <usesleft><![CDATA[2]]></usesleft>
    <completed><![CDATA[N]]></completed>
    <emailstatus><![CDATA[OK]]></emailstatus>
    <tid><![CDATA[93]]></tid>
    <firstname><![CDATA[An]]></firstname>
    <lastname><![CDATA[To]]></lastname>
    <email/>
    <token><![CDATA[jVJnzyapQtza67V]]></token>
    <language><![CDATA[en]]></language>
    <sent><![CDATA[N]]></sent>
    <remindersent><![CDATA[N]]></remindersent>
    <remindercount><![CDATA[0]]></remindercount>
    <validfrom><![CDATA[2021-05-26 11:19:00]]></validfrom>
    <validuntil><![CDATA[2021-09-23 11:19:00]]></validuntil>
   </row>
   <row>
    <usesleft><![CDATA[2]]></usesleft>
    <completed><![CDATA[N]]></completed>
    <emailstatus><![CDATA[OK]]></emailstatus>
    <tid><![CDATA[94]]></tid>
    <firstname><![CDATA[An]]></firstname>
    <lastname><![CDATA[To]]></lastname>
    <email/>
    <token><![CDATA[w3zcvX5PwtDrCLj]]></token>
    <language><![CDATA[en]]></language>
    <sent><![CDATA[N]]></sent>
    <remindersent><![CDATA[N]]></remindersent>
    <remindercount><![CDATA[0]]></remindercount>
    <validfrom><![CDATA[2021-05-26 11:19:00]]></validfrom>
    <validuntil><![CDATA[2021-09-23 11:19:00]]></validuntil>
   </row>
   <row>
    <usesleft><![CDATA[2]]></usesleft>
    <completed><![CDATA[N]]></completed>
    <emailstatus><![CDATA[OK]]></emailstatus>
    <tid><![CDATA[95]]></tid>
    <firstname><![CDATA[An]]></firstname>
    <lastname><![CDATA[To]]></lastname>
    <email/>
    <token><![CDATA[aO66tCaVZSBz3ks]]></token>
    <language><![CDATA[en]]></language>
    <sent><![CDATA[N]]></sent>
    <remindersent><![CDATA[N]]></remindersent>
    <remindercount><![CDATA[0]]></remindercount>
    <validfrom><![CDATA[2021-05-26 11:19:00]]></validfrom>
    <validuntil><![CDATA[2021-09-23 11:19:00]]></validuntil>
   </row>
   <row>
    <usesleft><![CDATA[2]]></usesleft>
    <completed><![CDATA[N]]></completed>
    <emailstatus><![CDATA[OK]]></emailstatus>
    <tid><![CDATA[96]]></tid>
    <firstname><![CDATA[An]]></firstname>
    <lastname><![CDATA[To]]></lastname>
    <email/>
    <token><![CDATA[lhkhfL13Iwy4TXw]]></token>
    <language><![CDATA[en]]></language>
    <sent><![CDATA[N]]></sent>
    <remindersent><![CDATA[N]]></remindersent>
    <remindercount><![CDATA[0]]></remindercount>
    <validfrom><![CDATA[2021-05-26 11:19:00]]></validfrom>
    <validuntil><![CDATA[2021-09-23 11:19:00]]></validuntil>
   </row>
   <row>
    <usesleft><![CDATA[2]]></usesleft>
    <completed><![CDATA[N]]></completed>
    <emailstatus><![CDATA[OK]]></emailstatus>
    <tid><![CDATA[97]]></tid>
    <firstname><![CDATA[An]]></firstname>
    <lastname><![CDATA[To]]></lastname>
    <email/>
    <token><![CDATA[mf1MzLJi4AqRzMC]]></token>
    <language><![CDATA[en]]></language>
    <sent><![CDATA[N]]></sent>
    <remindersent><![CDATA[N]]></remindersent>
    <remindercount><![CDATA[0]]></remindercount>
    <validfrom><![CDATA[2021-05-26 11:19:00]]></validfrom>
    <validuntil><![CDATA[2021-09-23 11:19:00]]></validuntil>
   </row>
   <row>
    <usesleft><![CDATA[2]]></usesleft>
    <completed><![CDATA[N]]></completed>
    <emailstatus><![CDATA[OK]]></emailstatus>
    <tid><![CDATA[98]]></tid>
    <firstname><![CDATA[An]]></firstname>
    <lastname><![CDATA[To]]></lastname>
    <email/>
    <token><![CDATA[zOpNuO87x66pHrB]]></token>
    <language><![CDATA[en]]></language>
    <sent><![CDATA[N]]></sent>
    <remindersent><![CDATA[N]]></remindersent>
    <remindercount><![CDATA[0]]></remindercount>
    <validfrom><![CDATA[2021-05-26 11:19:00]]></validfrom>
    <validuntil><![CDATA[2021-09-23 11:19:00]]></validuntil>
   </row>
   <row>
    <usesleft><![CDATA[2]]></usesleft>
    <completed><![CDATA[N]]></completed>
    <emailstatus><![CDATA[OK]]></emailstatus>
    <tid><![CDATA[99]]></tid>
    <firstname><![CDATA[An]]></firstname>
    <lastname><![CDATA[To]]></lastname>
    <email/>
    <token><![CDATA[LzoyX7F6cSucsXv]]></token>
    <language><![CDATA[en]]></language>
    <sent><![CDATA[N]]></sent>
    <remindersent><![CDATA[N]]></remindersent>
    <remindercount><![CDATA[0]]></remindercount>
    <validfrom><![CDATA[2021-05-26 11:19:00]]></validfrom>
    <validuntil><![CDATA[2021-09-23 11:19:00]]></validuntil>
   </row>
   <row>
    <usesleft><![CDATA[2]]></usesleft>
    <completed><![CDATA[N]]></completed>
    <emailstatus><![CDATA[OK]]></emailstatus>
    <tid><![CDATA[100]]></tid>
    <firstname><![CDATA[An]]></firstname>
    <lastname><![CDATA[To]]></lastname>
    <email/>
    <token><![CDATA[tc1V1kTeGCRnwvz]]></token>
    <language><![CDATA[en]]></language>
    <sent><![CDATA[N]]></sent>
    <remindersent><![CDATA[N]]></remindersent>
    <remindercount><![CDATA[0]]></remindercount>
    <validfrom><![CDATA[2021-05-26 11:19:00]]></validfrom>
    <validuntil><![CDATA[2021-09-23 11:19:00]]></validuntil>
   </row>
  </rows>
 </tokens>
</document>
